\BOOKMARK [1][-]{Doc-Start}{\376\377\000R\000e\000s\000u\000m\000e\000n}{}% 1
\BOOKMARK [1][-]{section.1}{\376\377\000I\000n\000t\000r\000o\000d\000u\000c\000c\000i\000\363\000n}{}% 2
\BOOKMARK [1][-]{section.2}{\376\377\000S\000i\000m\000u\000l\000a\000c\000i\000o\000n\000e\000s\000\040\000y\000\040\000R\000e\000g\000r\000e\000s\000i\000\363\000n\000\040\000E\000s\000p\000u\000r\000i\000a}{}% 3
\BOOKMARK [2][-]{subsection.2.1}{\376\377\000M\000e\000t\000o\000d\000o\000l\000o\000g\000\355\000a}{section.2}% 4
\BOOKMARK [2][-]{subsection.2.2}{\376\377\000R\000e\000s\000u\000l\000t\000a\000d\000o\000s}{section.2}% 5
\BOOKMARK [2][-]{subsection.2.3}{\376\377\000I\000n\000t\000e\000r\000p\000r\000e\000t\000a\000c\000i\000\363\000n}{section.2}% 6
\BOOKMARK [2][-]{subsection.2.4}{\376\377\000C\000o\000n\000c\000l\000u\000s\000i\000\363\000n}{section.2}% 7
\BOOKMARK [1][-]{section.3}{\376\377\000C\000o\000m\000m\000o\000d\000i\000t\000y\000\040\000C\000u\000r\000r\000e\000n\000c\000i\000e\000s}{}% 8
\BOOKMARK [2][-]{subsection.3.1}{\376\377\000M\000o\000t\000i\000v\000a\000c\000i\000\363\000n}{section.3}% 9
\BOOKMARK [2][-]{subsection.3.2}{\376\377\000E\000s\000t\000a\000c\000i\000o\000n\000a\000r\000i\000e\000d\000a\000d}{section.3}% 10
\BOOKMARK [2][-]{subsection.3.3}{\376\377\000R\000e\000s\000u\000l\000t\000a\000d\000o\000s\000\040\000I\000n\000-\000S\000a\000m\000p\000l\000e}{section.3}% 11
\BOOKMARK [2][-]{subsection.3.4}{\376\377\000I\000n\000t\000e\000r\000p\000r\000e\000t\000a\000c\000i\000\363\000n}{section.3}% 12
\BOOKMARK [2][-]{subsection.3.5}{\376\377\000R\000e\000s\000u\000l\000t\000a\000d\000o\000s\000\040\000O\000u\000t\000-\000o\000f\000-\000S\000a\000m\000p\000l\000e}{section.3}% 13
\BOOKMARK [2][-]{subsection.3.6}{\376\377\000I\000n\000t\000e\000r\000p\000r\000e\000t\000a\000c\000i\000\363\000n}{section.3}% 14
\BOOKMARK [2][-]{subsection.3.7}{\376\377\000E\000v\000a\000l\000u\000a\000c\000i\000\363\000n\000\040\000E\000c\000o\000n\000\363\000m\000i\000c\000a\000\040\000\050\000M\000D\000A\000\040\000y\000\040\000T\000r\000a\000d\000i\000n\000g\000\051}{section.3}% 15
\BOOKMARK [2][-]{subsection.3.8}{\376\377\000I\000n\000t\000e\000r\000p\000r\000e\000t\000a\000c\000i\000\363\000n}{section.3}% 16
\BOOKMARK [2][-]{subsection.3.9}{\376\377\000B\000o\000n\000u\000s\000\040\0001\000:\000E\000v\000a\000l\000u\000a\000c\000i\000\363\000n\000\040\000d\000e\000\040\000P\000o\000r\000t\000a\000f\000o\000l\000i\000o}{section.3}% 17
\BOOKMARK [2][-]{subsection.3.10}{\376\377\000I\000n\000t\000e\000r\000p\000r\000e\000t\000a\000c\000i\000\363\000n}{section.3}% 18
\BOOKMARK [2][-]{subsection.3.11}{\376\377\000B\000o\000n\000u\000s\000\040\0002\000:\000\040\000P\000a\000r\000a\000d\000o\000j\000a\000\040\000d\000e\000l\000\040\000M\000S\000P\000E}{section.3}% 19
\BOOKMARK [2][-]{subsection.3.12}{\376\377\000I\000n\000t\000e\000r\000p\000r\000e\000t\000a\000c\000i\000\363\000n}{section.3}% 20
\BOOKMARK [2][-]{subsection.3.13}{\376\377\000C\000o\000n\000c\000l\000u\000s\000i\000\363\000n}{section.3}% 21
\BOOKMARK [1][-]{section.4}{\376\377\000B\000o\000x\000-\000J\000e\000n\000k\000i\000n\000s}{}% 22
\BOOKMARK [2][-]{subsection.4.1}{\376\377\000D\000i\000a\000g\000n\000\363\000s\000t\000i\000c\000o}{section.4}% 23
\BOOKMARK [2][-]{subsection.4.2}{\376\377\000S\000e\000l\000e\000c\000c\000i\000\363\000n\000\040\000d\000e\000l\000\040\000m\000o\000d\000e\000l\000o\000\040\000A\000R\000I\000M\000A}{section.4}% 24
\BOOKMARK [2][-]{subsection.4.3}{\376\377\000D\000i\000a\000g\000n\000\363\000s\000t\000i\000c\000o\000\040\000d\000e\000\040\000R\000e\000s\000i\000d\000u\000o\000s}{section.4}% 25
\BOOKMARK [2][-]{subsection.4.4}{\376\377\000I\000n\000t\000e\000r\000p\000r\000e\000t\000a\000c\000i\000\363\000n}{section.4}% 26
\BOOKMARK [2][-]{subsection.4.5}{\376\377\000C\000o\000n\000c\000l\000u\000s\000i\000\363\000n}{section.4}% 27
\BOOKMARK [1][-]{section.5}{\376\377\000C\000o\000n\000c\000l\000u\000s\000i\000\363\000n\000\040\000F\000i\000n\000a\000l}{}% 28
