This is pdfTeX, Version 3.141592653-2.6-1.40.25 (MiKTeX 24.1) (preloaded format=pdflatex 2025.9.29)  9 MAY 2026 20:02
entering extended mode
 restricted \write18 enabled.
 %&-line parsing enabled.
**./Informe_Final_v3.tex
(Informe_Final_v3.tex
LaTeX2e <2023-11-01> patch level 1
L3 programming layer <2024-01-04>

(C:\Users\roberto.sepulveda\AppData\Local\Programs\MiKTeX\tex/latex/base\articl
e.cls
Document Class: article 2023/05/17 v1.4n Standard LaTeX document class

(C:\Users\roberto.sepulveda\AppData\Local\Programs\MiKTeX\tex/latex/base\size11
.clo
File: size11.clo 2023/05/17 v1.4n Standard LaTeX file (size option)
)
\c@part=\count187
\c@section=\count188
\c@subsection=\count189
\c@subsubsection=\count190
\c@paragraph=\count191
\c@subparagraph=\count192
\c@figure=\count193
\c@table=\count194
\abovecaptionskip=\skip48
\belowcaptionskip=\skip49
\bibindent=\dimen140
)
(C:\Users\roberto.sepulveda\AppData\Local\Programs\MiKTeX\tex/latex/base\inpute
nc.sty
Package: inputenc 2021/02/14 v1.3d Input encoding file
\inpenc@prehook=\toks17
\inpenc@posthook=\toks18
)
(C:\Users\roberto.sepulveda\AppData\Local\Programs\MiKTeX\tex/generic/babel\bab
el.sty
Package: babel 2024/01/07 v24.1 The Babel package
\babel@savecnt=\count195
\U@D=\dimen141
\l@unhyphenated=\language79

(C:\Users\roberto.sepulveda\AppData\Local\Programs\MiKTeX\tex/generic/babel\txt
babel.def)
\bbl@readstream=\read2
\bbl@dirlevel=\count196

*************************************
* Local config file bblopts.cfg used
*

(C:\Users\roberto.sepulveda\AppData\Local\Programs\MiKTeX\tex/latex/arabi\bblop
ts.cfg
File: bblopts.cfg 2005/09/08 v0.1 add Arabic and Farsi to "declared" options of
 babel
)
(C:\Users\roberto.sepulveda\AppData\Local\Programs\MiKTeX\tex/latex/babel-spani
sh\spanish.ldf
Language: spanish.ldf 2021/05/27 v5.0q Spanish support from the babel system
\es@quottoks=\toks19
\es@quotdepth=\count197
Package babel Info: Making " an active character on input line 570.
Package babel Info: Making . an active character on input line 675.
Package babel Info: Making < an active character on input line 722.
Package babel Info: Making > an active character on input line 722.
))
(C:\Users\roberto.sepulveda\AppData\Local\Programs\MiKTeX\tex/generic/babel/loc
ale/es\babel-spanish.tex
Package babel Info: Importing font and identification data for spanish
(babel)             from babel-es.ini. Reported on input line 11.
)
(C:\Users\roberto.sepulveda\AppData\Local\Programs\MiKTeX\tex/latex/geometry\ge
ometry.sty
Package: geometry 2020/01/02 v5.9 Page Geometry

(C:\Users\roberto.sepulveda\AppData\Local\Programs\MiKTeX\tex/latex/graphics\ke
yval.sty
Package: keyval 2022/05/29 v1.15 key=value parser (DPC)
\KV@toks@=\toks20
)
(C:\Users\roberto.sepulveda\AppData\Local\Programs\MiKTeX\tex/generic/iftex\ifv
tex.sty
Package: ifvtex 2019/10/25 v1.7 ifvtex legacy package. Use iftex instead.

(C:\Users\roberto.sepulveda\AppData\Local\Programs\MiKTeX\tex/generic/iftex\ift
ex.sty
Package: iftex 2022/02/03 v1.0f TeX engine tests
))
\Gm@cnth=\count198
\Gm@cntv=\count199
\c@Gm@tempcnt=\count266
\Gm@bindingoffset=\dimen142
\Gm@wd@mp=\dimen143
\Gm@odd@mp=\dimen144
\Gm@even@mp=\dimen145
\Gm@layoutwidth=\dimen146
\Gm@layoutheight=\dimen147
\Gm@layouthoffset=\dimen148
\Gm@layoutvoffset=\dimen149
\Gm@dimlist=\toks21

(C:\Users\roberto.sepulveda\AppData\Local\Programs\MiKTeX\tex/latex/geometry\ge
ometry.cfg))
(C:\Users\roberto.sepulveda\AppData\Local\Programs\MiKTeX\tex/latex/graphics\gr
aphicx.sty
Package: graphicx 2021/09/16 v1.2d Enhanced LaTeX Graphics (DPC,SPQR)

(C:\Users\roberto.sepulveda\AppData\Local\Programs\MiKTeX\tex/latex/graphics\gr
aphics.sty
Package: graphics 2022/03/10 v1.4e Standard LaTeX Graphics (DPC,SPQR)

(C:\Users\roberto.sepulveda\AppData\Local\Programs\MiKTeX\tex/latex/graphics\tr
ig.sty
Package: trig 2021/08/11 v1.11 sin cos tan (DPC)
)
(C:\Users\roberto.sepulveda\AppData\Local\Programs\MiKTeX\tex/latex/graphics-cf
g\graphics.cfg
File: graphics.cfg 2016/06/04 v1.11 sample graphics configuration
)
Package graphics Info: Driver file: pdftex.def on input line 107.

(C:\Users\roberto.sepulveda\AppData\Local\Programs\MiKTeX\tex/latex/graphics-de
f\pdftex.def
File: pdftex.def 2022/09/22 v1.2b Graphics/color driver for pdftex
))
\Gin@req@height=\dimen150
\Gin@req@width=\dimen151
)
(C:\Users\roberto.sepulveda\AppData\Local\Programs\MiKTeX\tex/latex/fancyhdr\fa
ncyhdr.sty
Package: fancyhdr 2025/02/07 v5.2 Extensive control of page headers and footers

\f@nch@headwidth=\skip50
\f@nch@offset@elh=\skip51
\f@nch@offset@erh=\skip52
\f@nch@offset@olh=\skip53
\f@nch@offset@orh=\skip54
\f@nch@offset@elf=\skip55
\f@nch@offset@erf=\skip56
\f@nch@offset@olf=\skip57
\f@nch@offset@orf=\skip58
\f@nch@height=\skip59
\f@nch@footalignment=\skip60
\f@nch@widthL=\skip61
\f@nch@widthC=\skip62
\f@nch@widthR=\skip63
\@temptokenb=\toks22
)
(C:\Users\roberto.sepulveda\AppData\Local\Programs\MiKTeX\tex/latex/float\float
.sty
Package: float 2001/11/08 v1.3d Float enhancements (AL)
\c@float@type=\count267
\float@exts=\toks23
\float@box=\box51
\@float@everytoks=\toks24
\@floatcapt=\box52
)
(C:\Users\roberto.sepulveda\AppData\Local\Programs\MiKTeX\tex/latex/amsmath\ams
math.sty
Package: amsmath 2023/05/13 v2.17o AMS math features
\@mathmargin=\skip64

For additional information on amsmath, use the `?' option.

(C:\Users\roberto.sepulveda\AppData\Local\Programs\MiKTeX\tex/latex/amsmath\ams
text.sty
Package: amstext 2021/08/26 v2.01 AMS text

(C:\Users\roberto.sepulveda\AppData\Local\Programs\MiKTeX\tex/latex/amsmath\ams
gen.sty
File: amsgen.sty 1999/11/30 v2.0 generic functions
\@emptytoks=\toks25
\ex@=\dimen152
))
(C:\Users\roberto.sepulveda\AppData\Local\Programs\MiKTeX\tex/latex/amsmath\ams
bsy.sty
Package: amsbsy 1999/11/29 v1.2d Bold Symbols
\pmbraise@=\dimen153
)
(C:\Users\roberto.sepulveda\AppData\Local\Programs\MiKTeX\tex/latex/amsmath\ams
opn.sty
Package: amsopn 2022/04/08 v2.04 operator names
)
\inf@bad=\count268
LaTeX Info: Redefining \frac on input line 234.
\uproot@=\count269
\leftroot@=\count270
LaTeX Info: Redefining \overline on input line 399.
LaTeX Info: Redefining \colon on input line 410.
\classnum@=\count271
\DOTSCASE@=\count272
LaTeX Info: Redefining \ldots on input line 496.
LaTeX Info: Redefining \dots on input line 499.
LaTeX Info: Redefining \cdots on input line 620.
\Mathstrutbox@=\box53
\strutbox@=\box54
LaTeX Info: Redefining \big on input line 722.
LaTeX Info: Redefining \Big on input line 723.
LaTeX Info: Redefining \bigg on input line 724.
LaTeX Info: Redefining \Bigg on input line 725.
\big@size=\dimen154
LaTeX Font Info:    Redeclaring font encoding OML on input line 743.
LaTeX Font Info:    Redeclaring font encoding OMS on input line 744.
\macc@depth=\count273
LaTeX Info: Redefining \bmod on input line 905.
LaTeX Info: Redefining \pmod on input line 910.
LaTeX Info: Redefining \smash on input line 940.
LaTeX Info: Redefining \relbar on input line 970.
LaTeX Info: Redefining \Relbar on input line 971.
\c@MaxMatrixCols=\count274
\dotsspace@=\muskip16
\c@parentequation=\count275
\dspbrk@lvl=\count276
\tag@help=\toks26
\row@=\count277
\column@=\count278
\maxfields@=\count279
\andhelp@=\toks27
\eqnshift@=\dimen155
\alignsep@=\dimen156
\tagshift@=\dimen157
\tagwidth@=\dimen158
\totwidth@=\dimen159
\lineht@=\dimen160
\@envbody=\toks28
\multlinegap=\skip65
\multlinetaggap=\skip66
\mathdisplay@stack=\toks29
LaTeX Info: Redefining \[ on input line 2953.
LaTeX Info: Redefining \] on input line 2954.
)
(C:\Users\roberto.sepulveda\AppData\Local\Programs\MiKTeX\tex/latex/booktabs\bo
oktabs.sty
Package: booktabs 2020/01/12 v1.61803398 Publication quality tables
\heavyrulewidth=\dimen161
\lightrulewidth=\dimen162
\cmidrulewidth=\dimen163
\belowrulesep=\dimen164
\belowbottomsep=\dimen165
\aboverulesep=\dimen166
\abovetopsep=\dimen167
\cmidrulesep=\dimen168
\cmidrulekern=\dimen169
\defaultaddspace=\dimen170
\@cmidla=\count280
\@cmidlb=\count281
\@aboverulesep=\dimen171
\@belowrulesep=\dimen172
\@thisruleclass=\count282
\@lastruleclass=\count283
\@thisrulewidth=\dimen173
)
(C:\Users\roberto.sepulveda\AppData\Local\Programs\MiKTeX\tex/latex/hyperref\hy
perref.sty
Package: hyperref 2023-11-26 v7.01g Hypertext links for LaTeX

(C:\Users\roberto.sepulveda\AppData\Local\Programs\MiKTeX\tex/generic/infwarerr
\infwarerr.sty
Package: infwarerr 2019/12/03 v1.5 Providing info/warning/error messages (HO)
)
(C:\Users\roberto.sepulveda\AppData\Local\Programs\MiKTeX\tex/latex/kvsetkeys\k
vsetkeys.sty
Package: kvsetkeys 2022-10-05 v1.19 Key value parser (HO)
)
(C:\Users\roberto.sepulveda\AppData\Local\Programs\MiKTeX\tex/generic/kvdefinek
eys\kvdefinekeys.sty
Package: kvdefinekeys 2019-12-19 v1.6 Define keys (HO)
)
(C:\Users\roberto.sepulveda\AppData\Local\Programs\MiKTeX\tex/generic/pdfescape
\pdfescape.sty
Package: pdfescape 2019/12/09 v1.15 Implements pdfTeX's escape features (HO)

(C:\Users\roberto.sepulveda\AppData\Local\Programs\MiKTeX\tex/generic/ltxcmds\l
txcmds.sty
Package: ltxcmds 2023-12-04 v1.26 LaTeX kernel commands for general use (HO)
)
(C:\Users\roberto.sepulveda\AppData\Local\Programs\MiKTeX\tex/generic/pdftexcmd
s\pdftexcmds.sty
Package: pdftexcmds 2020-06-27 v0.33 Utility functions of pdfTeX for LuaTeX (HO
)
Package pdftexcmds Info: \pdf@primitive is available.
Package pdftexcmds Info: \pdf@ifprimitive is available.
Package pdftexcmds Info: \pdfdraftmode found.
))
(C:\Users\roberto.sepulveda\AppData\Local\Programs\MiKTeX\tex/latex/hycolor\hyc
olor.sty
Package: hycolor 2020-01-27 v1.10 Color options for hyperref/bookmark (HO)
)
(C:\Users\roberto.sepulveda\AppData\Local\Programs\MiKTeX\tex/latex/letltxmacro
\letltxmacro.sty
Package: letltxmacro 2019/12/03 v1.6 Let assignment for LaTeX macros (HO)
)
(C:\Users\roberto.sepulveda\AppData\Local\Programs\MiKTeX\tex/latex/auxhook\aux
hook.sty
Package: auxhook 2019-12-17 v1.6 Hooks for auxiliary files (HO)
)
(C:\Users\roberto.sepulveda\AppData\Local\Programs\MiKTeX\tex/latex/hyperref\na
meref.sty
Package: nameref 2023-11-26 v2.56 Cross-referencing by name of section

(C:\Users\roberto.sepulveda\AppData\Local\Programs\MiKTeX\tex/latex/refcount\re
fcount.sty
Package: refcount 2019/12/15 v3.6 Data extraction from label references (HO)
)
(C:\Users\roberto.sepulveda\AppData\Local\Programs\MiKTeX\tex/generic/gettitles
tring\gettitlestring.sty
Package: gettitlestring 2019/12/15 v1.6 Cleanup title references (HO)

(C:\Users\roberto.sepulveda\AppData\Local\Programs\MiKTeX\tex/latex/kvoptions\k
voptions.sty
Package: kvoptions 2022-06-15 v3.15 Key value format for package options (HO)
))
\c@section@level=\count284
)
(C:\Users\roberto.sepulveda\AppData\Local\Programs\MiKTeX\tex/latex/etoolbox\et
oolbox.sty
Package: etoolbox 2020/10/05 v2.5k e-TeX tools for LaTeX (JAW)
\etb@tempcnta=\count285
)
\@linkdim=\dimen174
\Hy@linkcounter=\count286
\Hy@pagecounter=\count287

(C:\Users\roberto.sepulveda\AppData\Local\Programs\MiKTeX\tex/latex/hyperref\pd
1enc.def
File: pd1enc.def 2023-11-26 v7.01g Hyperref: PDFDocEncoding definition (HO)
Now handling font encoding PD1 ...
... no UTF-8 mapping file for font encoding PD1
)
(C:\Users\roberto.sepulveda\AppData\Local\Programs\MiKTeX\tex/generic/intcalc\i
ntcalc.sty
Package: intcalc 2019/12/15 v1.3 Expandable calculations with integers (HO)
)
\Hy@SavedSpaceFactor=\count288

(C:\Users\roberto.sepulveda\AppData\Local\Programs\MiKTeX\tex/latex/hyperref\pu
enc.def
File: puenc.def 2023-11-26 v7.01g Hyperref: PDF Unicode definition (HO)
Now handling font encoding PU ...
... no UTF-8 mapping file for font encoding PU
)
Package hyperref Info: Hyper figures OFF on input line 4181.
Package hyperref Info: Link nesting OFF on input line 4186.
Package hyperref Info: Hyper index ON on input line 4189.
Package hyperref Info: Plain pages OFF on input line 4196.
Package hyperref Info: Backreferencing OFF on input line 4201.
Package hyperref Info: Implicit mode ON; LaTeX internals redefined.
Package hyperref Info: Bookmarks ON on input line 4448.
\c@Hy@tempcnt=\count289

(C:\Users\roberto.sepulveda\AppData\Local\Programs\MiKTeX\tex/latex/url\url.sty
\Urlmuskip=\muskip17
Package: url 2013/09/16  ver 3.4  Verb mode for urls, etc.
)
LaTeX Info: Redefining \url on input line 4786.
\XeTeXLinkMargin=\dimen175

(C:\Users\roberto.sepulveda\AppData\Local\Programs\MiKTeX\tex/generic/bitset\bi
tset.sty
Package: bitset 2019/12/09 v1.3 Handle bit-vector datatype (HO)

(C:\Users\roberto.sepulveda\AppData\Local\Programs\MiKTeX\tex/generic/bigintcal
c\bigintcalc.sty
Package: bigintcalc 2019/12/15 v1.5 Expandable calculations on big integers (HO
)
))
\Fld@menulength=\count290
\Field@Width=\dimen176
\Fld@charsize=\dimen177
Package hyperref Info: Hyper figures OFF on input line 6065.
Package hyperref Info: Link nesting OFF on input line 6070.
Package hyperref Info: Hyper index ON on input line 6073.
Package hyperref Info: backreferencing OFF on input line 6080.
Package hyperref Info: Link coloring OFF on input line 6085.
Package hyperref Info: Link coloring with OCG OFF on input line 6090.
Package hyperref Info: PDF/A mode OFF on input line 6095.

(C:\Users\roberto.sepulveda\AppData\Local\Programs\MiKTeX\tex/latex/base\atbegs
hi-ltx.sty
Package: atbegshi-ltx 2021/01/10 v1.0c Emulation of the original atbegshi
package with kernel methods
)
\Hy@abspage=\count291
\c@Item=\count292
\c@Hfootnote=\count293
)
Package hyperref Info: Driver (autodetected): hpdftex.

(C:\Users\roberto.sepulveda\AppData\Local\Programs\MiKTeX\tex/latex/hyperref\hp
dftex.def
File: hpdftex.def 2023-11-26 v7.01g Hyperref driver for pdfTeX

(C:\Users\roberto.sepulveda\AppData\Local\Programs\MiKTeX\tex/latex/base\atvery
end-ltx.sty
Package: atveryend-ltx 2020/08/19 v1.0a Emulation of the original atveryend pac
kage
with kernel methods
)
\Fld@listcount=\count294
\c@bookmark@seq@number=\count295

(C:\Users\roberto.sepulveda\AppData\Local\Programs\MiKTeX\tex/latex/rerunfilech
eck\rerunfilecheck.sty
Package: rerunfilecheck 2025-06-21 v1.11 Rerun checks for auxiliary files (HO)

(C:\Users\roberto.sepulveda\AppData\Local\Programs\MiKTeX\tex/generic/uniquecou
nter\uniquecounter.sty
Package: uniquecounter 2019/12/15 v1.4 Provide unlimited unique counter (HO)
)
Package uniquecounter Info: New unique counter `rerunfilecheck' on input line 2
84.
)
\Hy@SectionHShift=\skip67
)
(C:\Users\roberto.sepulveda\AppData\Local\Programs\MiKTeX\tex/latex/xcolor\xcol
or.sty
Package: xcolor 2023/11/15 v3.01 LaTeX color extensions (UK)

(C:\Users\roberto.sepulveda\AppData\Local\Programs\MiKTeX\tex/latex/graphics-cf
g\color.cfg
File: color.cfg 2016/01/02 v1.6 sample color configuration
)
Package xcolor Info: Driver file: pdftex.def on input line 274.

(C:\Users\roberto.sepulveda\AppData\Local\Programs\MiKTeX\tex/latex/graphics\ma
thcolor.ltx)
Package xcolor Info: Model `cmy' substituted by `cmy0' on input line 1350.
Package xcolor Info: Model `hsb' substituted by `rgb' on input line 1354.
Package xcolor Info: Model `RGB' extended on input line 1366.
Package xcolor Info: Model `HTML' substituted by `rgb' on input line 1368.
Package xcolor Info: Model `Hsb' substituted by `hsb' on input line 1369.
Package xcolor Info: Model `tHsb' substituted by `hsb' on input line 1370.
Package xcolor Info: Model `HSB' substituted by `hsb' on input line 1371.
Package xcolor Info: Model `Gray' substituted by `gray' on input line 1372.
Package xcolor Info: Model `wave' substituted by `hsb' on input line 1373.
)
(C:\Users\roberto.sepulveda\AppData\Local\Programs\MiKTeX\tex/latex/caption\cap
tion.sty
Package: caption 2023/08/05 v3.6o Customizing captions (AR)

(C:\Users\roberto.sepulveda\AppData\Local\Programs\MiKTeX\tex/latex/caption\cap
tion3.sty
Package: caption3 2023/07/31 v2.4d caption3 kernel (AR)
\caption@tempdima=\dimen178
\captionmargin=\dimen179
\caption@leftmargin=\dimen180
\caption@rightmargin=\dimen181
\caption@width=\dimen182
\caption@indent=\dimen183
\caption@parindent=\dimen184
\caption@hangindent=\dimen185
Package caption Info: Standard document class detected.
)
\c@caption@flags=\count296
\c@continuedfloat=\count297
Package caption Info: float package is loaded.
Package caption Info: hyperref package is loaded.
)
(C:\Users\roberto.sepulveda\AppData\Local\Programs\MiKTeX\tex/latex/caption\sub
caption.sty
Package: subcaption 2023/07/28 v1.6b Sub-captions (AR)
Package caption Info: New subtype `subfigure' on input line 238.
\c@subfigure=\count298
Package caption Info: New subtype `subtable' on input line 238.
\c@subtable=\count299
)
(C:\Users\roberto.sepulveda\AppData\Local\Programs\MiKTeX\tex/latex/titlesec\ti
tlesec.sty
Package: titlesec 2025/01/04 v2.17 Sectioning titles
\ttl@box=\box55
\beforetitleunit=\skip68
\aftertitleunit=\skip69
\ttl@plus=\dimen186
\ttl@minus=\dimen187
\ttl@toksa=\toks30
\titlewidth=\dimen188
\titlewidthlast=\dimen189
\titlewidthfirst=\dimen190
)
(C:\Users\roberto.sepulveda\AppData\Local\Programs\MiKTeX\tex/latex/multirow\mu
ltirow.sty
Package: multirow 2024/11/12 v2.9 Span multiple rows of a table
\multirow@colwidth=\skip70
\multirow@cntb=\count300
\multirow@dima=\skip71
\bigstrutjot=\dimen191
)
(C:\Users\roberto.sepulveda\AppData\Local\Programs\MiKTeX\tex/latex/psnfss\helv
et.sty
Package: helvet 2020/03/25 PSNFSS-v9.3 (WaS) 
)
Package hyperref Info: Option `colorlinks' set `true' on input line 34.
LaTeX Font Info:    Trying to load font information for OT1+phv on input line 6
2.

(C:\Users\roberto.sepulveda\AppData\Local\Programs\MiKTeX\tex/latex/psnfss\ot1p
hv.fd
File: ot1phv.fd 2020/03/25 scalable font definitions for OT1/phv.
)
(C:\Users\roberto.sepulveda\AppData\Local\Programs\MiKTeX\tex/latex/l3backend\l
3backend-pdftex.def
File: l3backend-pdftex.def 2024-01-04 L3 backend support: PDF output (pdfTeX)
\l__color_backend_stack_int=\count301
\l__pdf_internal_box=\box56
) (Informe_Final_v3.aux
LaTeX Info: Redefining \. on input line 11.
LaTeX Info: Redefining \% on input line 11.


LaTeX Warning: Label `fig:diagnostico_residuos' multiply defined.

)
\openout1 = `Informe_Final_v3.aux'.

LaTeX Font Info:    Checking defaults for OML/cmm/m/it on input line 62.
LaTeX Font Info:    ... okay on input line 62.
LaTeX Font Info:    Checking defaults for OMS/cmsy/m/n on input line 62.
LaTeX Font Info:    ... okay on input line 62.
LaTeX Font Info:    Checking defaults for OT1/cmr/m/n on input line 62.
LaTeX Font Info:    ... okay on input line 62.
LaTeX Font Info:    Checking defaults for T1/cmr/m/n on input line 62.
LaTeX Font Info:    ... okay on input line 62.
LaTeX Font Info:    Checking defaults for TS1/cmr/m/n on input line 62.
LaTeX Font Info:    ... okay on input line 62.
LaTeX Font Info:    Checking defaults for OMX/cmex/m/n on input line 62.
LaTeX Font Info:    ... okay on input line 62.
LaTeX Font Info:    Checking defaults for U/cmr/m/n on input line 62.
LaTeX Font Info:    ... okay on input line 62.
LaTeX Font Info:    Checking defaults for PD1/pdf/m/n on input line 62.
LaTeX Font Info:    ... okay on input line 62.
LaTeX Font Info:    Checking defaults for PU/pdf/m/n on input line 62.
LaTeX Font Info:    ... okay on input line 62.
LaTeX Info: Redefining \. on input line 62.
LaTeX Info: Redefining \% on input line 62.

*geometry* driver: auto-detecting
*geometry* detected driver: pdftex
*geometry* verbose mode - [ preamble ] result:
* driver: pdftex
* paper: a4paper
* layout: <same size as paper>
* layoutoffset:(h,v)=(0.0pt,0.0pt)
* modes: 
* h-part:(L,W,R)=(71.13188pt, 455.24411pt, 71.13188pt)
* v-part:(T,H,B)=(71.13188pt, 702.78308pt, 71.13188pt)
* \paperwidth=597.50787pt
* \paperheight=845.04684pt
* \textwidth=455.24411pt
* \textheight=702.78308pt
* \oddsidemargin=-1.1381pt
* \evensidemargin=-1.1381pt
* \topmargin=-38.1381pt
* \headheight=40.0pt
* \headsep=25.0pt
* \topskip=11.0pt
* \footskip=30.0pt
* \marginparwidth=50.0pt
* \marginparsep=10.0pt
* \columnsep=10.0pt
* \skip\footins=10.0pt plus 4.0pt minus 2.0pt
* \hoffset=0.0pt
* \voffset=0.0pt
* \mag=1000
* \@twocolumnfalse
* \@twosidefalse
* \@mparswitchfalse
* \@reversemarginfalse
* (1in=72.27pt=25.4mm, 1cm=28.453pt)


(C:\Users\roberto.sepulveda\AppData\Local\Programs\MiKTeX\tex/context/base/mkii
\supp-pdf.mkii
[Loading MPS to PDF converter (version 2006.09.02).]
\scratchcounter=\count302
\scratchdimen=\dimen192
\scratchbox=\box57
\nofMPsegments=\count303
\nofMParguments=\count304
\everyMPshowfont=\toks31
\MPscratchCnt=\count305
\MPscratchDim=\dimen193
\MPnumerator=\count306
\makeMPintoPDFobject=\count307
\everyMPtoPDFconversion=\toks32
)
(C:\Users\roberto.sepulveda\AppData\Local\Programs\MiKTeX\tex/latex/epstopdf-pk
g\epstopdf-base.sty
Package: epstopdf-base 2020-01-24 v2.11 Base part for package epstopdf
Package epstopdf-base Info: Redefining graphics rule for `.eps' on input line 4
85.

(C:\Users\roberto.sepulveda\AppData\Local\Programs\MiKTeX\tex/latex/00miktex\ep
stopdf-sys.cfg
File: epstopdf-sys.cfg 2021/03/18 v2.0 Configuration of epstopdf for MiKTeX
))
Package hyperref Info: Link coloring ON on input line 62.
 (Informe_Final_v3.out) (Informe_Final_v3.out)
\@outlinefile=\write3
\openout3 = `Informe_Final_v3.out'.

Package caption Info: Begin \AtBeginDocument code.
Package caption Info: End \AtBeginDocument code.
<logo1.png, id=91, 127.15862pt x 30.64613pt>
File: logo1.png Graphic file (type png)
<use logo1.png>
Package pdftex.def Info: logo1.png  used on input line 67.
(pdftex.def)             Requested size: 71.13188pt x 17.14346pt.
<logo2.png.jpg, id=93, 109.6095pt x 35.8941pt>
File: logo2.png.jpg Graphic file (type jpg)
<use logo2.png.jpg>
Package pdftex.def Info: logo2.png.jpg  used on input line 69.
(pdftex.def)             Requested size: 71.13188pt x 23.29527pt.
 [1

{C:/Users/roberto.sepulveda/AppData/Local/MiKTeX/fonts/map/pdftex/pdftex.map}{C
:/Users/roberto.sepulveda/AppData/Local/Programs/MiKTeX/fonts/enc/dvips/base/8r
.enc} <./logo1.png> <./logo2.png.jpg>]
LaTeX Font Info:    Font shape `OT1/phv/m/it' in size <10.95> not available
(Font)              Font shape `OT1/phv/m/sl' tried instead on input line 90.
File: logo1.png Graphic file (type png)
<use logo1.png>
Package pdftex.def Info: logo1.png  used on input line 100.
(pdftex.def)             Requested size: 113.81102pt x 27.42926pt.
File: logo2.png.jpg Graphic file (type jpg)
<use logo2.png.jpg>
Package pdftex.def Info: logo2.png.jpg  used on input line 100.
(pdftex.def)             Requested size: 113.81102pt x 37.27255pt.


Package fancyhdr Warning: \headheight is too small (40.0pt): 
(fancyhdr)                Make it at least 41.35258pt, for example:
(fancyhdr)                \setlength{\headheight}{41.35258pt}.
(fancyhdr)                You might also make \topmargin smaller:
(fancyhdr)                \addtolength{\topmargin}{-1.35258pt}.


pdfTeX warning (ext4): destination with the same identifier (name{page.1}) has 
been already used, duplicate ignored
<to be read again> 
                   \relax 
l.100 \newpage
               [1]
File: logo1.png Graphic file (type png)
<use logo1.png>
Package pdftex.def Info: logo1.png  used on input line 110.
(pdftex.def)             Requested size: 113.81102pt x 27.42926pt.
File: logo2.png.jpg Graphic file (type jpg)
<use logo2.png.jpg>
Package pdftex.def Info: logo2.png.jpg  used on input line 110.
(pdftex.def)             Requested size: 113.81102pt x 37.27255pt.


Package fancyhdr Warning: \headheight is too small (40.0pt): 
(fancyhdr)                Make it at least 41.35258pt, for example:
(fancyhdr)                \setlength{\headheight}{41.35258pt}.
(fancyhdr)                You might also make \topmargin smaller:
(fancyhdr)                \addtolength{\topmargin}{-1.35258pt}.

[2]
File: logo1.png Graphic file (type png)
<use logo1.png>
Package pdftex.def Info: logo1.png  used on input line 196.
(pdftex.def)             Requested size: 113.81102pt x 27.42926pt.
File: logo2.png.jpg Graphic file (type jpg)
<use logo2.png.jpg>
Package pdftex.def Info: logo2.png.jpg  used on input line 196.
(pdftex.def)             Requested size: 113.81102pt x 37.27255pt.


Package fancyhdr Warning: \headheight is too small (40.0pt): 
(fancyhdr)                Make it at least 41.35258pt, for example:
(fancyhdr)                \setlength{\headheight}{41.35258pt}.
(fancyhdr)                You might also make \topmargin smaller:
(fancyhdr)                \addtolength{\topmargin}{-1.35258pt}.

[3]
<Pregunta_iii_Random_Walk.png, id=123, 1003.1076pt x 1409.9877pt>
File: Pregunta_iii_Random_Walk.png Graphic file (type png)
<use Pregunta_iii_Random_Walk.png>
Package pdftex.def Info: Pregunta_iii_Random_Walk.png  used on input line 199.
(pdftex.def)             Requested size: 409.71692pt x 575.90422pt.
File: logo1.png Graphic file (type png)
<use logo1.png>
Package pdftex.def Info: logo1.png  used on input line 203.
(pdftex.def)             Requested size: 113.81102pt x 27.42926pt.
File: logo2.png.jpg Graphic file (type jpg)
<use logo2.png.jpg>
Package pdftex.def Info: logo2.png.jpg  used on input line 203.
(pdftex.def)             Requested size: 113.81102pt x 37.27255pt.


Package fancyhdr Warning: \headheight is too small (40.0pt): 
(fancyhdr)                Make it at least 41.35258pt, for example:
(fancyhdr)                \setlength{\headheight}{41.35258pt}.
(fancyhdr)                You might also make \topmargin smaller:
(fancyhdr)                \addtolength{\topmargin}{-1.35258pt}.

[4]
File: logo1.png Graphic file (type png)
<use logo1.png>
Package pdftex.def Info: logo1.png  used on input line 219.
(pdftex.def)             Requested size: 113.81102pt x 27.42926pt.
File: logo2.png.jpg Graphic file (type jpg)
<use logo2.png.jpg>
Package pdftex.def Info: logo2.png.jpg  used on input line 219.
(pdftex.def)             Requested size: 113.81102pt x 37.27255pt.


Package fancyhdr Warning: \headheight is too small (40.0pt): 
(fancyhdr)                Make it at least 41.35258pt, for example:
(fancyhdr)                \setlength{\headheight}{41.35258pt}.
(fancyhdr)                You might also make \topmargin smaller:
(fancyhdr)                \addtolength{\topmargin}{-1.35258pt}.

[5 <./Pregunta_iii_Random_Walk.png>]
File: logo1.png Graphic file (type png)
<use logo1.png>
Package pdftex.def Info: logo1.png  used on input line 226.
(pdftex.def)             Requested size: 113.81102pt x 27.42926pt.
File: logo2.png.jpg Graphic file (type jpg)
<use logo2.png.jpg>
Package pdftex.def Info: logo2.png.jpg  used on input line 226.
(pdftex.def)             Requested size: 113.81102pt x 37.27255pt.


Package fancyhdr Warning: \headheight is too small (40.0pt): 
(fancyhdr)                Make it at least 41.35258pt, for example:
(fancyhdr)                \setlength{\headheight}{41.35258pt}.
(fancyhdr)                You might also make \topmargin smaller:
(fancyhdr)                \addtolength{\topmargin}{-1.35258pt}.

[6]
<grafico_1_Nivel_ACF_PACF_chile.png, id=141, 1293.633pt x 254.3904pt>
File: grafico_1_Nivel_ACF_PACF_chile.png Graphic file (type png)
<use grafico_1_Nivel_ACF_PACF_chile.png>
Package pdftex.def Info: grafico_1_Nivel_ACF_PACF_chile.png  used on input line
 237.
(pdftex.def)             Requested size: 409.71692pt x 80.56815pt.
<grafico_2_Log_ACF_PACF_chile.png, id=142, 1292.9103pt x 252.2223pt>
File: grafico_2_Log_ACF_PACF_chile.png Graphic file (type png)
<use grafico_2_Log_ACF_PACF_chile.png>
Package pdftex.def Info: grafico_2_Log_ACF_PACF_chile.png  used on input line 2
46.
(pdftex.def)             Requested size: 409.71692pt x 79.92766pt.
<grafico_3_Retornos_ACF_PACF_r1_chile.png, id=143, 1292.9103pt x 248.6088pt>
File: grafico_3_Retornos_ACF_PACF_r1_chile.png Graphic file (type png)
<use grafico_3_Retornos_ACF_PACF_r1_chile.png>
Package pdftex.def Info: grafico_3_Retornos_ACF_PACF_r1_chile.png  used on inpu
t line 252.
(pdftex.def)             Requested size: 409.71692pt x 78.78256pt.
File: logo1.png Graphic file (type png)
<use logo1.png>
Package pdftex.def Info: logo1.png  used on input line 276.
(pdftex.def)             Requested size: 113.81102pt x 27.42926pt.
File: logo2.png.jpg Graphic file (type jpg)
<use logo2.png.jpg>
Package pdftex.def Info: logo2.png.jpg  used on input line 276.
(pdftex.def)             Requested size: 113.81102pt x 37.27255pt.


Package fancyhdr Warning: \headheight is too small (40.0pt): 
(fancyhdr)                Make it at least 41.35258pt, for example:
(fancyhdr)                \setlength{\headheight}{41.35258pt}.
(fancyhdr)                You might also make \topmargin smaller:
(fancyhdr)                \addtolength{\topmargin}{-1.35258pt}.

[7 <./grafico_1_Nivel_ACF_PACF_chile.png> <./grafico_2_Log_ACF_PACF_chile.png> 
<./grafico_3_Retornos_ACF_PACF_r1_chile.png>]
File: logo1.png Graphic file (type png)
<use logo1.png>
Package pdftex.def Info: logo1.png  used on input line 332.
(pdftex.def)             Requested size: 113.81102pt x 27.42926pt.
File: logo2.png.jpg Graphic file (type jpg)
<use logo2.png.jpg>
Package pdftex.def Info: logo2.png.jpg  used on input line 332.
(pdftex.def)             Requested size: 113.81102pt x 37.27255pt.


Package fancyhdr Warning: \headheight is too small (40.0pt): 
(fancyhdr)                Make it at least 41.35258pt, for example:
(fancyhdr)                \setlength{\headheight}{41.35258pt}.
(fancyhdr)                You might also make \topmargin smaller:
(fancyhdr)                \addtolength{\topmargin}{-1.35258pt}.

[8]
File: logo1.png Graphic file (type png)
<use logo1.png>
Package pdftex.def Info: logo1.png  used on input line 392.
(pdftex.def)             Requested size: 113.81102pt x 27.42926pt.
File: logo2.png.jpg Graphic file (type jpg)
<use logo2.png.jpg>
Package pdftex.def Info: logo2.png.jpg  used on input line 392.
(pdftex.def)             Requested size: 113.81102pt x 37.27255pt.


Package fancyhdr Warning: \headheight is too small (40.0pt): 
(fancyhdr)                Make it at least 41.35258pt, for example:
(fancyhdr)                \setlength{\headheight}{41.35258pt}.
(fancyhdr)                You might also make \topmargin smaller:
(fancyhdr)                \addtolength{\topmargin}{-1.35258pt}.

[9]
File: logo1.png Graphic file (type png)
<use logo1.png>
Package pdftex.def Info: logo1.png  used on input line 464.
(pdftex.def)             Requested size: 113.81102pt x 27.42926pt.
File: logo2.png.jpg Graphic file (type jpg)
<use logo2.png.jpg>
Package pdftex.def Info: logo2.png.jpg  used on input line 464.
(pdftex.def)             Requested size: 113.81102pt x 37.27255pt.


Package fancyhdr Warning: \headheight is too small (40.0pt): 
(fancyhdr)                Make it at least 41.35258pt, for example:
(fancyhdr)                \setlength{\headheight}{41.35258pt}.
(fancyhdr)                You might also make \topmargin smaller:
(fancyhdr)                \addtolength{\topmargin}{-1.35258pt}.

[10]
File: logo1.png Graphic file (type png)
<use logo1.png>
Package pdftex.def Info: logo1.png  used on input line 487.
(pdftex.def)             Requested size: 113.81102pt x 27.42926pt.
File: logo2.png.jpg Graphic file (type jpg)
<use logo2.png.jpg>
Package pdftex.def Info: logo2.png.jpg  used on input line 487.
(pdftex.def)             Requested size: 113.81102pt x 37.27255pt.


Package fancyhdr Warning: \headheight is too small (40.0pt): 
(fancyhdr)                Make it at least 41.35258pt, for example:
(fancyhdr)                \setlength{\headheight}{41.35258pt}.
(fancyhdr)                You might also make \topmargin smaller:
(fancyhdr)                \addtolength{\topmargin}{-1.35258pt}.

[11]
<grafico_1_GDP_ACF_PACF.png, id=182, 1300.86pt x 289.08pt>
File: grafico_1_GDP_ACF_PACF.png Graphic file (type png)
<use grafico_1_GDP_ACF_PACF.png>
Package pdftex.def Info: grafico_1_GDP_ACF_PACF.png  used on input line 496.
(pdftex.def)             Requested size: 432.48051pt x 96.10686pt.
<grafico_2_Direfencia_Log_ACF_PACF.png, id=183, 1300.86pt x 289.08pt>
File: grafico_2_Direfencia_Log_ACF_PACF.png Graphic file (type png)
<use grafico_2_Direfencia_Log_ACF_PACF.png>
Package pdftex.def Info: grafico_2_Direfencia_Log_ACF_PACF.png  used on input l
ine 504.
(pdftex.def)             Requested size: 432.48051pt x 96.10686pt.
File: logo1.png Graphic file (type png)
<use logo1.png>
Package pdftex.def Info: logo1.png  used on input line 539.
(pdftex.def)             Requested size: 113.81102pt x 27.42926pt.
File: logo2.png.jpg Graphic file (type jpg)
<use logo2.png.jpg>
Package pdftex.def Info: logo2.png.jpg  used on input line 539.
(pdftex.def)             Requested size: 113.81102pt x 37.27255pt.


Package fancyhdr Warning: \headheight is too small (40.0pt): 
(fancyhdr)                Make it at least 41.35258pt, for example:
(fancyhdr)                \setlength{\headheight}{41.35258pt}.
(fancyhdr)                You might also make \topmargin smaller:
(fancyhdr)                \addtolength{\topmargin}{-1.35258pt}.

[12 <./grafico_1_GDP_ACF_PACF.png> <./grafico_2_Direfencia_Log_ACF_PACF.png>]
<grafico_4_Dicgnostico_de_Residuos.png, id=194, 867.24pt x 289.08pt>
File: grafico_4_Dicgnostico_de_Residuos.png Graphic file (type png)
<use grafico_4_Dicgnostico_de_Residuos.png>
Package pdftex.def Info: grafico_4_Dicgnostico_de_Residuos.png  used on input l
ine 566.
(pdftex.def)             Requested size: 386.96027pt x 128.98645pt.
File: logo1.png Graphic file (type png)
<use logo1.png>
Package pdftex.def Info: logo1.png  used on input line 585.
(pdftex.def)             Requested size: 113.81102pt x 27.42926pt.
File: logo2.png.jpg Graphic file (type jpg)
<use logo2.png.jpg>
Package pdftex.def Info: logo2.png.jpg  used on input line 585.
(pdftex.def)             Requested size: 113.81102pt x 37.27255pt.


Package fancyhdr Warning: \headheight is too small (40.0pt): 
(fancyhdr)                Make it at least 41.35258pt, for example:
(fancyhdr)                \setlength{\headheight}{41.35258pt}.
(fancyhdr)                You might also make \topmargin smaller:
(fancyhdr)                \addtolength{\topmargin}{-1.35258pt}.

[13 <./grafico_4_Dicgnostico_de_Residuos.png>]
File: logo1.png Graphic file (type png)
<use logo1.png>
Package pdftex.def Info: logo1.png  used on input line 594.
(pdftex.def)             Requested size: 113.81102pt x 27.42926pt.
File: logo2.png.jpg Graphic file (type jpg)
<use logo2.png.jpg>
Package pdftex.def Info: logo2.png.jpg  used on input line 594.
(pdftex.def)             Requested size: 113.81102pt x 37.27255pt.


Package fancyhdr Warning: \headheight is too small (40.0pt): 
(fancyhdr)                Make it at least 41.35258pt, for example:
(fancyhdr)                \setlength{\headheight}{41.35258pt}.
(fancyhdr)                You might also make \topmargin smaller:
(fancyhdr)                \addtolength{\topmargin}{-1.35258pt}.

[14]
File: logo1.png Graphic file (type png)
<use logo1.png>
Package pdftex.def Info: logo1.png  used on input line 603.
(pdftex.def)             Requested size: 113.81102pt x 27.42926pt.
File: logo2.png.jpg Graphic file (type jpg)
<use logo2.png.jpg>
Package pdftex.def Info: logo2.png.jpg  used on input line 603.
(pdftex.def)             Requested size: 113.81102pt x 37.27255pt.


Package fancyhdr Warning: \headheight is too small (40.0pt): 
(fancyhdr)                Make it at least 41.35258pt, for example:
(fancyhdr)                \setlength{\headheight}{41.35258pt}.
(fancyhdr)                You might also make \topmargin smaller:
(fancyhdr)                \addtolength{\topmargin}{-1.35258pt}.

[15] (Informe_Final_v3.aux
LaTeX Info: Redefining \. on input line 11.
LaTeX Info: Redefining \% on input line 11.
)
 ***********
LaTeX2e <2023-11-01> patch level 1
L3 programming layer <2024-01-04>
 ***********


LaTeX Warning: There were multiply-defined labels.


Package rerunfilecheck Warning: File `Informe_Final_v3.out' has changed.
(rerunfilecheck)                Rerun to get outlines right
(rerunfilecheck)                or use package `bookmark'.

Package rerunfilecheck Info: Checksums for `Informe_Final_v3.out':
(rerunfilecheck)             Before: F15DCF6F19F61EB010DE653A34BC1310;4248
(rerunfilecheck)             After:  640C0FA732BC2F632F81BD983F7C0D32;4530.
 ) 
Here is how much of TeX's memory you used:
 13970 strings out of 474486
 229595 string characters out of 5738091
 1953542 words of memory out of 5000000
 36020 multiletter control sequences out of 15000+600000
 577225 words of font info for 68 fonts, out of 8000000 for 9000
 1141 hyphenation exceptions out of 8191
 75i,15n,79p,656b,509s stack positions out of 10000i,1000n,20000p,200000b,200000s
<C:/Users/roberto.sepulveda/AppData/Local/Programs/MiKTeX/fonts/type1/public/
amsfonts/cm/cmmi10.pfb><C:/Users/roberto.sepulveda/AppData/Local/Programs/MiKTe
X/fonts/type1/public/amsfonts/cm/cmmi6.pfb><C:/Users/roberto.sepulveda/AppData/
Local/Programs/MiKTeX/fonts/type1/public/amsfonts/cm/cmmi8.pfb><C:/Users/robert
o.sepulveda/AppData/Local/Programs/MiKTeX/fonts/type1/public/amsfonts/cm/cmr10.
pfb><C:/Users/roberto.sepulveda/AppData/Local/Programs/MiKTeX/fonts/type1/publi
c/amsfonts/cm/cmr6.pfb><C:/Users/roberto.sepulveda/AppData/Local/Programs/MiKTe
X/fonts/type1/public/amsfonts/cm/cmr8.pfb><C:/Users/roberto.sepulveda/AppData/L
ocal/Programs/MiKTeX/fonts/type1/public/amsfonts/cm/cmsy8.pfb><C:/Users/roberto
.sepulveda/AppData/Local/Programs/MiKTeX/fonts/type1/urw/helvetic/uhvb8a.pfb><C
:/Users/roberto.sepulveda/AppData/Local/Programs/MiKTeX/fonts/type1/urw/helveti
c/uhvr8a.pfb><C:/Users/roberto.sepulveda/AppData/Local/Programs/MiKTeX/fonts/ty
pe1/urw/helvetic/uhvro8a.pfb>
Output written on Informe_Final_v3.pdf (16 pages, 885918 bytes).
PDF statistics:
 271 PDF objects out of 1000 (max. 8388607)
 65 named destinations out of 1000 (max. 500000)
 222 words of extra memory for PDF output out of 10000 (max. 10000000)

