This is pdfTeX, Version 3.141592653-2.6-1.40.25 (MiKTeX 24.1) (preloaded format=pdflatex 2025.9.29)  10 MAY 2026 18:21
entering extended mode
 restricted \write18 enabled.
 %&-line parsing enabled.
**./Informe_Final_V6.tex
(Informe_Final_V6.tex
LaTeX2e <2023-11-01> patch level 1
L3 programming layer <2024-01-04>

(C:\Users\roberto.sepulveda\AppData\Local\Programs\MiKTeX\tex/latex/base\articl
e.cls
Document Class: article 2023/05/17 v1.4n Standard LaTeX document class

(C:\Users\roberto.sepulveda\AppData\Local\Programs\MiKTeX\tex/latex/base\size11
.clo
File: size11.clo 2023/05/17 v1.4n Standard LaTeX file (size option)
)
\c@part=\count187
\c@section=\count188
\c@subsection=\count189
\c@subsubsection=\count190
\c@paragraph=\count191
\c@subparagraph=\count192
\c@figure=\count193
\c@table=\count194
\abovecaptionskip=\skip48
\belowcaptionskip=\skip49
\bibindent=\dimen140
)
(C:\Users\roberto.sepulveda\AppData\Local\Programs\MiKTeX\tex/latex/base\inpute
nc.sty
Package: inputenc 2021/02/14 v1.3d Input encoding file
\inpenc@prehook=\toks17
\inpenc@posthook=\toks18
)
(C:\Users\roberto.sepulveda\AppData\Local\Programs\MiKTeX\tex/latex/base\fonten
c.sty
Package: fontenc 2021/04/29 v2.0v Standard LaTeX package
)
(C:\Users\roberto.sepulveda\AppData\Local\Programs\MiKTeX\tex/generic/babel\bab
el.sty
Package: babel 2024/01/07 v24.1 The Babel package
\babel@savecnt=\count195
\U@D=\dimen141
\l@unhyphenated=\language79

(C:\Users\roberto.sepulveda\AppData\Local\Programs\MiKTeX\tex/generic/babel\txt
babel.def)
\bbl@readstream=\read2
\bbl@dirlevel=\count196

*************************************
* Local config file bblopts.cfg used
*

(C:\Users\roberto.sepulveda\AppData\Local\Programs\MiKTeX\tex/latex/arabi\bblop
ts.cfg
File: bblopts.cfg 2005/09/08 v0.1 add Arabic and Farsi to "declared" options of
 babel
)
(C:\Users\roberto.sepulveda\AppData\Local\Programs\MiKTeX\tex/latex/babel-spani
sh\spanish.ldf
Language: spanish.ldf 2021/05/27 v5.0q Spanish support from the babel system
\es@quottoks=\toks19
\es@quotdepth=\count197
Package babel Info: Making " an active character on input line 570.
Package babel Info: Making . an active character on input line 675.
Package babel Info: Making < an active character on input line 722.
Package babel Info: Making > an active character on input line 722.
))
(C:\Users\roberto.sepulveda\AppData\Local\Programs\MiKTeX\tex/generic/babel/loc
ale/es\babel-spanish.tex
Package babel Info: Importing font and identification data for spanish
(babel)             from babel-es.ini. Reported on input line 11.
)
(C:\Users\roberto.sepulveda\AppData\Local\Programs\MiKTeX\tex/latex/geometry\ge
ometry.sty
Package: geometry 2020/01/02 v5.9 Page Geometry

(C:\Users\roberto.sepulveda\AppData\Local\Programs\MiKTeX\tex/latex/graphics\ke
yval.sty
Package: keyval 2022/05/29 v1.15 key=value parser (DPC)
\KV@toks@=\toks20
)
(C:\Users\roberto.sepulveda\AppData\Local\Programs\MiKTeX\tex/generic/iftex\ifv
tex.sty
Package: ifvtex 2019/10/25 v1.7 ifvtex legacy package. Use iftex instead.

(C:\Users\roberto.sepulveda\AppData\Local\Programs\MiKTeX\tex/generic/iftex\ift
ex.sty
Package: iftex 2022/02/03 v1.0f TeX engine tests
))
\Gm@cnth=\count198
\Gm@cntv=\count199
\c@Gm@tempcnt=\count266
\Gm@bindingoffset=\dimen142
\Gm@wd@mp=\dimen143
\Gm@odd@mp=\dimen144
\Gm@even@mp=\dimen145
\Gm@layoutwidth=\dimen146
\Gm@layoutheight=\dimen147
\Gm@layouthoffset=\dimen148
\Gm@layoutvoffset=\dimen149
\Gm@dimlist=\toks21

(C:\Users\roberto.sepulveda\AppData\Local\Programs\MiKTeX\tex/latex/geometry\ge
ometry.cfg))
(C:\Users\roberto.sepulveda\AppData\Local\Programs\MiKTeX\tex/latex/booktabs\bo
oktabs.sty
Package: booktabs 2020/01/12 v1.61803398 Publication quality tables
\heavyrulewidth=\dimen150
\lightrulewidth=\dimen151
\cmidrulewidth=\dimen152
\belowrulesep=\dimen153
\belowbottomsep=\dimen154
\aboverulesep=\dimen155
\abovetopsep=\dimen156
\cmidrulesep=\dimen157
\cmidrulekern=\dimen158
\defaultaddspace=\dimen159
\@cmidla=\count267
\@cmidlb=\count268
\@aboverulesep=\dimen160
\@belowrulesep=\dimen161
\@thisruleclass=\count269
\@lastruleclass=\count270
\@thisrulewidth=\dimen162
)
(C:\Users\roberto.sepulveda\AppData\Local\Programs\MiKTeX\tex/latex/tools\array
.sty
Package: array 2023/10/16 v2.5g Tabular extension package (FMi)
\col@sep=\dimen163
\ar@mcellbox=\box51
\extrarowheight=\dimen164
\NC@list=\toks22
\extratabsurround=\skip50
\backup@length=\skip51
\ar@cellbox=\box52
)
(C:\Users\roberto.sepulveda\AppData\Local\Programs\MiKTeX\tex/latex/amsmath\ams
math.sty
Package: amsmath 2023/05/13 v2.17o AMS math features
\@mathmargin=\skip52

For additional information on amsmath, use the `?' option.

(C:\Users\roberto.sepulveda\AppData\Local\Programs\MiKTeX\tex/latex/amsmath\ams
text.sty
Package: amstext 2021/08/26 v2.01 AMS text

(C:\Users\roberto.sepulveda\AppData\Local\Programs\MiKTeX\tex/latex/amsmath\ams
gen.sty
File: amsgen.sty 1999/11/30 v2.0 generic functions
\@emptytoks=\toks23
\ex@=\dimen165
))
(C:\Users\roberto.sepulveda\AppData\Local\Programs\MiKTeX\tex/latex/amsmath\ams
bsy.sty
Package: amsbsy 1999/11/29 v1.2d Bold Symbols
\pmbraise@=\dimen166
)
(C:\Users\roberto.sepulveda\AppData\Local\Programs\MiKTeX\tex/latex/amsmath\ams
opn.sty
Package: amsopn 2022/04/08 v2.04 operator names
)
\inf@bad=\count271
LaTeX Info: Redefining \frac on input line 234.
\uproot@=\count272
\leftroot@=\count273
LaTeX Info: Redefining \overline on input line 399.
LaTeX Info: Redefining \colon on input line 410.
\classnum@=\count274
\DOTSCASE@=\count275
LaTeX Info: Redefining \ldots on input line 496.
LaTeX Info: Redefining \dots on input line 499.
LaTeX Info: Redefining \cdots on input line 620.
\Mathstrutbox@=\box53
\strutbox@=\box54
LaTeX Info: Redefining \big on input line 722.
LaTeX Info: Redefining \Big on input line 723.
LaTeX Info: Redefining \bigg on input line 724.
LaTeX Info: Redefining \Bigg on input line 725.
\big@size=\dimen167
LaTeX Font Info:    Redeclaring font encoding OML on input line 743.
LaTeX Font Info:    Redeclaring font encoding OMS on input line 744.
\macc@depth=\count276
LaTeX Info: Redefining \bmod on input line 905.
LaTeX Info: Redefining \pmod on input line 910.
LaTeX Info: Redefining \smash on input line 940.
LaTeX Info: Redefining \relbar on input line 970.
LaTeX Info: Redefining \Relbar on input line 971.
\c@MaxMatrixCols=\count277
\dotsspace@=\muskip16
\c@parentequation=\count278
\dspbrk@lvl=\count279
\tag@help=\toks24
\row@=\count280
\column@=\count281
\maxfields@=\count282
\andhelp@=\toks25
\eqnshift@=\dimen168
\alignsep@=\dimen169
\tagshift@=\dimen170
\tagwidth@=\dimen171
\totwidth@=\dimen172
\lineht@=\dimen173
\@envbody=\toks26
\multlinegap=\skip53
\multlinetaggap=\skip54
\mathdisplay@stack=\toks27
LaTeX Info: Redefining \[ on input line 2953.
LaTeX Info: Redefining \] on input line 2954.
)
(C:\Users\roberto.sepulveda\AppData\Local\Programs\MiKTeX\tex/latex/graphics\gr
aphicx.sty
Package: graphicx 2021/09/16 v1.2d Enhanced LaTeX Graphics (DPC,SPQR)

(C:\Users\roberto.sepulveda\AppData\Local\Programs\MiKTeX\tex/latex/graphics\gr
aphics.sty
Package: graphics 2022/03/10 v1.4e Standard LaTeX Graphics (DPC,SPQR)

(C:\Users\roberto.sepulveda\AppData\Local\Programs\MiKTeX\tex/latex/graphics\tr
ig.sty
Package: trig 2021/08/11 v1.11 sin cos tan (DPC)
)
(C:\Users\roberto.sepulveda\AppData\Local\Programs\MiKTeX\tex/latex/graphics-cf
g\graphics.cfg
File: graphics.cfg 2016/06/04 v1.11 sample graphics configuration
)
Package graphics Info: Driver file: pdftex.def on input line 107.

(C:\Users\roberto.sepulveda\AppData\Local\Programs\MiKTeX\tex/latex/graphics-de
f\pdftex.def
File: pdftex.def 2022/09/22 v1.2b Graphics/color driver for pdftex
))
\Gin@req@height=\dimen174
\Gin@req@width=\dimen175
)
(C:\Users\roberto.sepulveda\AppData\Local\Programs\MiKTeX\tex/latex/xcolor\xcol
or.sty
Package: xcolor 2023/11/15 v3.01 LaTeX color extensions (UK)

(C:\Users\roberto.sepulveda\AppData\Local\Programs\MiKTeX\tex/latex/graphics-cf
g\color.cfg
File: color.cfg 2016/01/02 v1.6 sample color configuration
)
Package xcolor Info: Driver file: pdftex.def on input line 274.

(C:\Users\roberto.sepulveda\AppData\Local\Programs\MiKTeX\tex/latex/graphics\ma
thcolor.ltx)
Package xcolor Info: Model `cmy' substituted by `cmy0' on input line 1350.
Package xcolor Info: Model `hsb' substituted by `rgb' on input line 1354.
Package xcolor Info: Model `RGB' extended on input line 1366.
Package xcolor Info: Model `HTML' substituted by `rgb' on input line 1368.
Package xcolor Info: Model `Hsb' substituted by `hsb' on input line 1369.
Package xcolor Info: Model `tHsb' substituted by `hsb' on input line 1370.
Package xcolor Info: Model `HSB' substituted by `hsb' on input line 1371.
Package xcolor Info: Model `Gray' substituted by `gray' on input line 1372.
Package xcolor Info: Model `wave' substituted by `hsb' on input line 1373.
)
(C:\Users\roberto.sepulveda\AppData\Local\Programs\MiKTeX\tex/latex/float\float
.sty
Package: float 2001/11/08 v1.3d Float enhancements (AL)
\c@float@type=\count283
\float@exts=\toks28
\float@box=\box55
\@float@everytoks=\toks29
\@floatcapt=\box56
)
(C:\Users\roberto.sepulveda\AppData\Local\Programs\MiKTeX\tex/latex/hyperref\hy
perref.sty
Package: hyperref 2023-11-26 v7.01g Hypertext links for LaTeX

(C:\Users\roberto.sepulveda\AppData\Local\Programs\MiKTeX\tex/generic/infwarerr
\infwarerr.sty
Package: infwarerr 2019/12/03 v1.5 Providing info/warning/error messages (HO)
)
(C:\Users\roberto.sepulveda\AppData\Local\Programs\MiKTeX\tex/latex/kvsetkeys\k
vsetkeys.sty
Package: kvsetkeys 2022-10-05 v1.19 Key value parser (HO)
)
(C:\Users\roberto.sepulveda\AppData\Local\Programs\MiKTeX\tex/generic/kvdefinek
eys\kvdefinekeys.sty
Package: kvdefinekeys 2019-12-19 v1.6 Define keys (HO)
)
(C:\Users\roberto.sepulveda\AppData\Local\Programs\MiKTeX\tex/generic/pdfescape
\pdfescape.sty
Package: pdfescape 2019/12/09 v1.15 Implements pdfTeX's escape features (HO)

(C:\Users\roberto.sepulveda\AppData\Local\Programs\MiKTeX\tex/generic/ltxcmds\l
txcmds.sty
Package: ltxcmds 2023-12-04 v1.26 LaTeX kernel commands for general use (HO)
)
(C:\Users\roberto.sepulveda\AppData\Local\Programs\MiKTeX\tex/generic/pdftexcmd
s\pdftexcmds.sty
Package: pdftexcmds 2020-06-27 v0.33 Utility functions of pdfTeX for LuaTeX (HO
)
Package pdftexcmds Info: \pdf@primitive is available.
Package pdftexcmds Info: \pdf@ifprimitive is available.
Package pdftexcmds Info: \pdfdraftmode found.
))
(C:\Users\roberto.sepulveda\AppData\Local\Programs\MiKTeX\tex/latex/hycolor\hyc
olor.sty
Package: hycolor 2020-01-27 v1.10 Color options for hyperref/bookmark (HO)
)
(C:\Users\roberto.sepulveda\AppData\Local\Programs\MiKTeX\tex/latex/letltxmacro
\letltxmacro.sty
Package: letltxmacro 2019/12/03 v1.6 Let assignment for LaTeX macros (HO)
)
(C:\Users\roberto.sepulveda\AppData\Local\Programs\MiKTeX\tex/latex/auxhook\aux
hook.sty
Package: auxhook 2019-12-17 v1.6 Hooks for auxiliary files (HO)
)
(C:\Users\roberto.sepulveda\AppData\Local\Programs\MiKTeX\tex/latex/hyperref\na
meref.sty
Package: nameref 2023-11-26 v2.56 Cross-referencing by name of section

(C:\Users\roberto.sepulveda\AppData\Local\Programs\MiKTeX\tex/latex/refcount\re
fcount.sty
Package: refcount 2019/12/15 v3.6 Data extraction from label references (HO)
)
(C:\Users\roberto.sepulveda\AppData\Local\Programs\MiKTeX\tex/generic/gettitles
tring\gettitlestring.sty
Package: gettitlestring 2019/12/15 v1.6 Cleanup title references (HO)

(C:\Users\roberto.sepulveda\AppData\Local\Programs\MiKTeX\tex/latex/kvoptions\k
voptions.sty
Package: kvoptions 2022-06-15 v3.15 Key value format for package options (HO)
))
\c@section@level=\count284
)
(C:\Users\roberto.sepulveda\AppData\Local\Programs\MiKTeX\tex/latex/etoolbox\et
oolbox.sty
Package: etoolbox 2020/10/05 v2.5k e-TeX tools for LaTeX (JAW)
\etb@tempcnta=\count285
)
\@linkdim=\dimen176
\Hy@linkcounter=\count286
\Hy@pagecounter=\count287

(C:\Users\roberto.sepulveda\AppData\Local\Programs\MiKTeX\tex/latex/hyperref\pd
1enc.def
File: pd1enc.def 2023-11-26 v7.01g Hyperref: PDFDocEncoding definition (HO)
Now handling font encoding PD1 ...
... no UTF-8 mapping file for font encoding PD1
)
(C:\Users\roberto.sepulveda\AppData\Local\Programs\MiKTeX\tex/generic/intcalc\i
ntcalc.sty
Package: intcalc 2019/12/15 v1.3 Expandable calculations with integers (HO)
)
\Hy@SavedSpaceFactor=\count288

(C:\Users\roberto.sepulveda\AppData\Local\Programs\MiKTeX\tex/latex/hyperref\pu
enc.def
File: puenc.def 2023-11-26 v7.01g Hyperref: PDF Unicode definition (HO)
Now handling font encoding PU ...
... no UTF-8 mapping file for font encoding PU
)
Package hyperref Info: Hyper figures OFF on input line 4181.
Package hyperref Info: Link nesting OFF on input line 4186.
Package hyperref Info: Hyper index ON on input line 4189.
Package hyperref Info: Plain pages OFF on input line 4196.
Package hyperref Info: Backreferencing OFF on input line 4201.
Package hyperref Info: Implicit mode ON; LaTeX internals redefined.
Package hyperref Info: Bookmarks ON on input line 4448.
\c@Hy@tempcnt=\count289

(C:\Users\roberto.sepulveda\AppData\Local\Programs\MiKTeX\tex/latex/url\url.sty
\Urlmuskip=\muskip17
Package: url 2013/09/16  ver 3.4  Verb mode for urls, etc.
)
LaTeX Info: Redefining \url on input line 4786.
\XeTeXLinkMargin=\dimen177

(C:\Users\roberto.sepulveda\AppData\Local\Programs\MiKTeX\tex/generic/bitset\bi
tset.sty
Package: bitset 2019/12/09 v1.3 Handle bit-vector datatype (HO)

(C:\Users\roberto.sepulveda\AppData\Local\Programs\MiKTeX\tex/generic/bigintcal
c\bigintcalc.sty
Package: bigintcalc 2019/12/15 v1.5 Expandable calculations on big integers (HO
)
))
\Fld@menulength=\count290
\Field@Width=\dimen178
\Fld@charsize=\dimen179
Package hyperref Info: Hyper figures OFF on input line 6065.
Package hyperref Info: Link nesting OFF on input line 6070.
Package hyperref Info: Hyper index ON on input line 6073.
Package hyperref Info: backreferencing OFF on input line 6080.
Package hyperref Info: Link coloring OFF on input line 6085.
Package hyperref Info: Link coloring with OCG OFF on input line 6090.
Package hyperref Info: PDF/A mode OFF on input line 6095.

(C:\Users\roberto.sepulveda\AppData\Local\Programs\MiKTeX\tex/latex/base\atbegs
hi-ltx.sty
Package: atbegshi-ltx 2021/01/10 v1.0c Emulation of the original atbegshi
package with kernel methods
)
\Hy@abspage=\count291
\c@Item=\count292
\c@Hfootnote=\count293
)
Package hyperref Info: Driver (autodetected): hpdftex.

(C:\Users\roberto.sepulveda\AppData\Local\Programs\MiKTeX\tex/latex/hyperref\hp
dftex.def
File: hpdftex.def 2023-11-26 v7.01g Hyperref driver for pdfTeX

(C:\Users\roberto.sepulveda\AppData\Local\Programs\MiKTeX\tex/latex/base\atvery
end-ltx.sty
Package: atveryend-ltx 2020/08/19 v1.0a Emulation of the original atveryend pac
kage
with kernel methods
)
\Fld@listcount=\count294
\c@bookmark@seq@number=\count295

(C:\Users\roberto.sepulveda\AppData\Local\Programs\MiKTeX\tex/latex/rerunfilech
eck\rerunfilecheck.sty
Package: rerunfilecheck 2025-06-21 v1.11 Rerun checks for auxiliary files (HO)

(C:\Users\roberto.sepulveda\AppData\Local\Programs\MiKTeX\tex/generic/uniquecou
nter\uniquecounter.sty
Package: uniquecounter 2019/12/15 v1.4 Provide unlimited unique counter (HO)
)
Package uniquecounter Info: New unique counter `rerunfilecheck' on input line 2
84.
)
\Hy@SectionHShift=\skip55
)
(C:\Users\roberto.sepulveda\AppData\Local\Programs\MiKTeX\tex/latex/titlesec\ti
tlesec.sty
Package: titlesec 2025/01/04 v2.17 Sectioning titles
\ttl@box=\box57
\beforetitleunit=\skip56
\aftertitleunit=\skip57
\ttl@plus=\dimen180
\ttl@minus=\dimen181
\ttl@toksa=\toks30
\titlewidth=\dimen182
\titlewidthlast=\dimen183
\titlewidthfirst=\dimen184
)
(C:\Users\roberto.sepulveda\AppData\Local\Programs\MiKTeX\tex/latex/caption\cap
tion.sty
Package: caption 2023/08/05 v3.6o Customizing captions (AR)

(C:\Users\roberto.sepulveda\AppData\Local\Programs\MiKTeX\tex/latex/caption\cap
tion3.sty
Package: caption3 2023/07/31 v2.4d caption3 kernel (AR)
\caption@tempdima=\dimen185
\captionmargin=\dimen186
\caption@leftmargin=\dimen187
\caption@rightmargin=\dimen188
\caption@width=\dimen189
\caption@indent=\dimen190
\caption@parindent=\dimen191
\caption@hangindent=\dimen192
Package caption Info: Standard document class detected.
)
\c@caption@flags=\count296
\c@continuedfloat=\count297
Package caption Info: float package is loaded.
Package caption Info: hyperref package is loaded.
)
(C:\Users\roberto.sepulveda\AppData\Local\Programs\MiKTeX\tex/latex/fancyhdr\fa
ncyhdr.sty
Package: fancyhdr 2025/02/07 v5.2 Extensive control of page headers and footers

\f@nch@headwidth=\skip58
\f@nch@offset@elh=\skip59
\f@nch@offset@erh=\skip60
\f@nch@offset@olh=\skip61
\f@nch@offset@orh=\skip62
\f@nch@offset@elf=\skip63
\f@nch@offset@erf=\skip64
\f@nch@offset@olf=\skip65
\f@nch@offset@orf=\skip66
\f@nch@height=\skip67
\f@nch@footalignment=\skip68
\f@nch@widthL=\skip69
\f@nch@widthC=\skip70
\f@nch@widthR=\skip71
\@temptokenb=\toks31
)
(C:\Users\roberto.sepulveda\AppData\Local\Programs\MiKTeX\tex/latex/microtype\m
icrotype.sty
Package: microtype 2026/03/01 v3.2d Micro-typographical refinements (RS)
\MT@toks=\toks32
\MT@tempbox=\box58
\MT@count=\count298
LaTeX Info: Redefining \noprotrusionifhmode on input line 1084.
LaTeX Info: Redefining \leftprotrusion on input line 1085.
\MT@prot@toks=\toks33
LaTeX Info: Redefining \rightprotrusion on input line 1104.
LaTeX Info: Redefining \textls on input line 1449.
\MT@outer@kern=\dimen193
LaTeX Info: Redefining \microtypecontext on input line 2053.
LaTeX Info: Redefining \textmicrotypecontext on input line 2070.
\MT@listname@count=\count299

(C:\Users\roberto.sepulveda\AppData\Local\Programs\MiKTeX\tex/latex/microtype\m
icrotype-pdftex.def
File: microtype-pdftex.def 2026/03/01 v3.2d Definitions specific to pdftex (RS)

LaTeX Info: Redefining \lsstyle on input line 944.
LaTeX Info: Redefining \lslig on input line 944.
\MT@outer@space=\skip72
)
Package microtype Info: Loading configuration file microtype.cfg.

(C:\Users\roberto.sepulveda\AppData\Local\Programs\MiKTeX\tex/latex/microtype\m
icrotype.cfg
File: microtype.cfg 2026/03/01 v3.2d microtype main configuration file (RS)
)
LaTeX Info: Redefining \microtypesetup on input line 3065.
)
(C:\Users\roberto.sepulveda\AppData\Local\Programs\MiKTeX\tex/latex/enumitem\en
umitem.sty
Package: enumitem 2025/02/06 v3.11 Customized lists
\labelindent=\skip73
\enit@outerparindent=\dimen194
\enit@toks=\toks34
\enit@inbox=\box59
\enit@count@id=\count300
\enitdp@description=\count301
)
(C:\Users\roberto.sepulveda\AppData\Local\Programs\MiKTeX\tex/latex/base\fonten
c.sty
Package: fontenc 2021/04/29 v2.0v Standard LaTeX package
)
(C:\Users\roberto.sepulveda\AppData\Local\Programs\MiKTeX\tex/latex/lm\lmodern.
sty
Package: lmodern 2015/05/01 v1.6.1 Latin Modern Fonts
LaTeX Font Info:    Overwriting symbol font `operators' in version `normal'
(Font)                  OT1/cmr/m/n --> OT1/lmr/m/n on input line 22.
LaTeX Font Info:    Overwriting symbol font `letters' in version `normal'
(Font)                  OML/cmm/m/it --> OML/lmm/m/it on input line 23.
LaTeX Font Info:    Overwriting symbol font `symbols' in version `normal'
(Font)                  OMS/cmsy/m/n --> OMS/lmsy/m/n on input line 24.
LaTeX Font Info:    Overwriting symbol font `largesymbols' in version `normal'
(Font)                  OMX/cmex/m/n --> OMX/lmex/m/n on input line 25.
LaTeX Font Info:    Overwriting symbol font `operators' in version `bold'
(Font)                  OT1/cmr/bx/n --> OT1/lmr/bx/n on input line 26.
LaTeX Font Info:    Overwriting symbol font `letters' in version `bold'
(Font)                  OML/cmm/b/it --> OML/lmm/b/it on input line 27.
LaTeX Font Info:    Overwriting symbol font `symbols' in version `bold'
(Font)                  OMS/cmsy/b/n --> OMS/lmsy/b/n on input line 28.
LaTeX Font Info:    Overwriting symbol font `largesymbols' in version `bold'
(Font)                  OMX/cmex/m/n --> OMX/lmex/m/n on input line 29.
LaTeX Font Info:    Overwriting math alphabet `\mathbf' in version `normal'
(Font)                  OT1/cmr/bx/n --> OT1/lmr/bx/n on input line 31.
LaTeX Font Info:    Overwriting math alphabet `\mathsf' in version `normal'
(Font)                  OT1/cmss/m/n --> OT1/lmss/m/n on input line 32.
LaTeX Font Info:    Overwriting math alphabet `\mathit' in version `normal'
(Font)                  OT1/cmr/m/it --> OT1/lmr/m/it on input line 33.
LaTeX Font Info:    Overwriting math alphabet `\mathtt' in version `normal'
(Font)                  OT1/cmtt/m/n --> OT1/lmtt/m/n on input line 34.
LaTeX Font Info:    Overwriting math alphabet `\mathbf' in version `bold'
(Font)                  OT1/cmr/bx/n --> OT1/lmr/bx/n on input line 35.
LaTeX Font Info:    Overwriting math alphabet `\mathsf' in version `bold'
(Font)                  OT1/cmss/bx/n --> OT1/lmss/bx/n on input line 36.
LaTeX Font Info:    Overwriting math alphabet `\mathit' in version `bold'
(Font)                  OT1/cmr/bx/it --> OT1/lmr/bx/it on input line 37.
LaTeX Font Info:    Overwriting math alphabet `\mathtt' in version `bold'
(Font)                  OT1/cmtt/m/n --> OT1/lmtt/m/n on input line 38.
)
Package hyperref Info: Option `colorlinks' set `true' on input line 30.
LaTeX Font Info:    Trying to load font information for T1+lmr on input line 42
.

(C:\Users\roberto.sepulveda\AppData\Local\Programs\MiKTeX\tex/latex/lm\t1lmr.fd
File: t1lmr.fd 2015/05/01 v1.6.1 Font defs for Latin Modern
)
(C:\Users\roberto.sepulveda\AppData\Local\Programs\MiKTeX\tex/latex/l3backend\l
3backend-pdftex.def
File: l3backend-pdftex.def 2024-01-04 L3 backend support: PDF output (pdfTeX)
\l__color_backend_stack_int=\count302
\l__pdf_internal_box=\box60
) (Informe_Final_V6.aux
LaTeX Info: Redefining \. on input line 11.
LaTeX Info: Redefining \% on input line 11.
)
\openout1 = `Informe_Final_V6.aux'.

LaTeX Font Info:    Checking defaults for OML/cmm/m/it on input line 42.
LaTeX Font Info:    ... okay on input line 42.
LaTeX Font Info:    Checking defaults for OMS/cmsy/m/n on input line 42.
LaTeX Font Info:    ... okay on input line 42.
LaTeX Font Info:    Checking defaults for OT1/cmr/m/n on input line 42.
LaTeX Font Info:    ... okay on input line 42.
LaTeX Font Info:    Checking defaults for T1/cmr/m/n on input line 42.
LaTeX Font Info:    ... okay on input line 42.
LaTeX Font Info:    Checking defaults for TS1/cmr/m/n on input line 42.
LaTeX Font Info:    ... okay on input line 42.
LaTeX Font Info:    Checking defaults for OMX/cmex/m/n on input line 42.
LaTeX Font Info:    ... okay on input line 42.
LaTeX Font Info:    Checking defaults for U/cmr/m/n on input line 42.
LaTeX Font Info:    ... okay on input line 42.
LaTeX Font Info:    Checking defaults for PD1/pdf/m/n on input line 42.
LaTeX Font Info:    ... okay on input line 42.
LaTeX Font Info:    Checking defaults for PU/pdf/m/n on input line 42.
LaTeX Font Info:    ... okay on input line 42.
LaTeX Info: Redefining \. on input line 42.
LaTeX Info: Redefining \% on input line 42.

*geometry* driver: auto-detecting
*geometry* detected driver: pdftex
*geometry* verbose mode - [ preamble ] result:
* driver: pdftex
* paper: letterpaper
* layout: <same size as paper>
* layoutoffset:(h,v)=(0.0pt,0.0pt)
* modes: 
* h-part:(L,W,R)=(61.17325pt, 491.9485pt, 61.17325pt)
* v-part:(T,H,B)=(66.86414pt, 666.9326pt, 61.17325pt)
* \paperwidth=614.295pt
* \paperheight=794.96999pt
* \textwidth=491.9485pt
* \textheight=666.9326pt
* \oddsidemargin=-11.09674pt
* \evensidemargin=-11.09674pt
* \topmargin=-62.40585pt
* \headheight=32.0pt
* \headsep=25.0pt
* \topskip=11.0pt
* \footskip=30.0pt
* \marginparwidth=59.0pt
* \marginparsep=10.0pt
* \columnsep=10.0pt
* \skip\footins=10.0pt plus 4.0pt minus 2.0pt
* \hoffset=0.0pt
* \voffset=0.0pt
* \mag=1000
* \@twocolumnfalse
* \@twosidefalse
* \@mparswitchfalse
* \@reversemarginfalse
* (1in=72.27pt=25.4mm, 1cm=28.453pt)


(C:\Users\roberto.sepulveda\AppData\Local\Programs\MiKTeX\tex/context/base/mkii
\supp-pdf.mkii
[Loading MPS to PDF converter (version 2006.09.02).]
\scratchcounter=\count303
\scratchdimen=\dimen195
\scratchbox=\box61
\nofMPsegments=\count304
\nofMParguments=\count305
\everyMPshowfont=\toks35
\MPscratchCnt=\count306
\MPscratchDim=\dimen196
\MPnumerator=\count307
\makeMPintoPDFobject=\count308
\everyMPtoPDFconversion=\toks36
)
(C:\Users\roberto.sepulveda\AppData\Local\Programs\MiKTeX\tex/latex/epstopdf-pk
g\epstopdf-base.sty
Package: epstopdf-base 2020-01-24 v2.11 Base part for package epstopdf
Package epstopdf-base Info: Redefining graphics rule for `.eps' on input line 4
85.

(C:\Users\roberto.sepulveda\AppData\Local\Programs\MiKTeX\tex/latex/00miktex\ep
stopdf-sys.cfg
File: epstopdf-sys.cfg 2021/03/18 v2.0 Configuration of epstopdf for MiKTeX
))
Package hyperref Info: Link coloring ON on input line 42.
 (Informe_Final_V6.out) (Informe_Final_V6.out)
\@outlinefile=\write3
\openout3 = `Informe_Final_V6.out'.

Package caption Info: Begin \AtBeginDocument code.
Package caption Info: End \AtBeginDocument code.
LaTeX Info: Redefining \microtypecontext on input line 42.
Package microtype Info: Applying patch `item' on input line 42.
Package microtype Info: Applying patch `toc' on input line 42.
Package microtype Info: Applying patch `eqnum' on input line 42.
Package microtype Info: Applying patch `footnote' on input line 42.
Package microtype Info: Applying patch `verbatim' on input line 42.
LaTeX Info: Redefining \microtypesetup on input line 42.
Package microtype Info: Generating PDF output.
Package microtype Info: Character protrusion enabled (level 2).
Package microtype Info: Using default protrusion set `alltext'.
Package microtype Info: Automatic font expansion enabled (level 2),
(microtype)             stretch: 20, shrink: 20, step: 1, non-selected.
Package microtype Info: Using default expansion set `alltext-nott'.
Package microtype Info: Patching command `\showhyphens'.
Package microtype Info: No adjustment of tracking.
Package microtype Info: No adjustment of interword spacing.
Package microtype Info: No adjustment of character kerning.

(C:\Users\roberto.sepulveda\AppData\Local\Programs\MiKTeX\tex/latex/microtype\m
t-cmr.cfg
File: mt-cmr.cfg 2013/05/19 v2.2 microtype config. file: Computer Modern Roman 
(RS)
)
<logo2.png.jpg, id=83, 109.6095pt x 35.8941pt>
File: logo2.png.jpg Graphic file (type jpg)
<use logo2.png.jpg>
Package pdftex.def Info: logo2.png.jpg  used on input line 47.
(pdftex.def)             Requested size: 354.2035pt x 116.0081pt.
 [1

{C:/Users/roberto.sepulveda/AppData/Local/MiKTeX/fonts/map/pdftex/pdftex.map}{C
:/Users/roberto.sepulveda/AppData/Local/Programs/MiKTeX/fonts/enc/dvips/lm/lm-e
c.enc} <./logo2.png.jpg>]
<logo1.png, id=91, 127.15862pt x 30.64613pt>
File: logo1.png Graphic file (type png)
<use logo1.png>
Package pdftex.def Info: logo1.png  used on input line 69.
(pdftex.def)             Requested size: 64.93152pt x 15.6491pt.

pdfTeX warning (ext4): destination with the same identifier (name{page.1}) has 
been already used, duplicate ignored
<to be read again> 
                   \relax 
l.69 \newpage
              [1 <./logo1.png>]
File: logo1.png Graphic file (type png)
<use logo1.png>
Package pdftex.def Info: logo1.png  used on input line 79.
(pdftex.def)             Requested size: 64.93152pt x 15.6491pt.
 [2]
LaTeX Font Info:    Trying to load font information for OT1+lmr on input line 8
4.

(C:\Users\roberto.sepulveda\AppData\Local\Programs\MiKTeX\tex/latex/lm\ot1lmr.f
d
File: ot1lmr.fd 2015/05/01 v1.6.1 Font defs for Latin Modern
)
LaTeX Font Info:    Trying to load font information for OML+lmm on input line 8
4.

(C:\Users\roberto.sepulveda\AppData\Local\Programs\MiKTeX\tex/latex/lm\omllmm.f
d
File: omllmm.fd 2015/05/01 v1.6.1 Font defs for Latin Modern
)
LaTeX Font Info:    Trying to load font information for OMS+lmsy on input line 
84.

(C:\Users\roberto.sepulveda\AppData\Local\Programs\MiKTeX\tex/latex/lm\omslmsy.
fd
File: omslmsy.fd 2015/05/01 v1.6.1 Font defs for Latin Modern
)
LaTeX Font Info:    Trying to load font information for OMX+lmex on input line 
84.

(C:\Users\roberto.sepulveda\AppData\Local\Programs\MiKTeX\tex/latex/lm\omxlmex.
fd
File: omxlmex.fd 2015/05/01 v1.6.1 Font defs for Latin Modern
)
LaTeX Font Info:    External font `lmex10' loaded for size
(Font)              <10.95> on input line 84.
LaTeX Font Info:    External font `lmex10' loaded for size
(Font)              <8> on input line 84.
LaTeX Font Info:    External font `lmex10' loaded for size
(Font)              <6> on input line 84.
LaTeX Font Info:    External font `lmex10' loaded for size
(Font)              <10> on input line 98.
LaTeX Font Info:    External font `lmex10' loaded for size
(Font)              <7> on input line 98.
LaTeX Font Info:    External font `lmex10' loaded for size
(Font)              <5> on input line 98.
<sim_b_medio.png, id=103, 1003.8303pt x 353.4003pt>
File: sim_b_medio.png Graphic file (type png)
<use sim_b_medio.png>
Package pdftex.def Info: sim_b_medio.png  used on input line 124.
(pdftex.def)             Requested size: 393.56029pt x 138.55353pt.
File: logo1.png Graphic file (type png)
<use logo1.png>
Package pdftex.def Info: logo1.png  used on input line 127.
(pdftex.def)             Requested size: 64.93152pt x 15.6491pt.
 [3{C:/Users/roberto.sepulveda/AppData/Local/Programs/MiKTeX/fonts/enc/dvips/lm
/lm-mathit.enc}{C:/Users/roberto.sepulveda/AppData/Local/Programs/MiKTeX/fonts/
enc/dvips/lm/lm-rm.enc}{C:/Users/roberto.sepulveda/AppData/Local/Programs/MiKTe
X/fonts/enc/dvips/lm/lm-mathsy.enc}]
<sim_b_alto.png, id=118, 1003.8303pt x 353.4003pt>
File: sim_b_alto.png Graphic file (type png)
<use sim_b_alto.png>
Package pdftex.def Info: sim_b_alto.png  used on input line 156.
(pdftex.def)             Requested size: 393.56029pt x 138.55353pt.
File: logo1.png Graphic file (type png)
<use logo1.png>
Package pdftex.def Info: logo1.png  used on input line 161.
(pdftex.def)             Requested size: 64.93152pt x 15.6491pt.
 [4 <./sim_b_medio.png> <./sim_b_alto.png>]
<Pregunta_iii_Random_Walk.png, id=128, 1003.1076pt x 1409.9877pt>
File: Pregunta_iii_Random_Walk.png Graphic file (type png)
<use Pregunta_iii_Random_Walk.png>
Package pdftex.def Info: Pregunta_iii_Random_Walk.png  used on input line 188.
(pdftex.def)             Requested size: 462.43279pt x 650.00069pt.
File: logo1.png Graphic file (type png)
<use logo1.png>
Package pdftex.def Info: logo1.png  used on input line 191.
(pdftex.def)             Requested size: 64.93152pt x 15.6491pt.
 [5]
Overfull \vbox (5.06808pt too high) has occurred while \output is active []

File: logo1.png Graphic file (type png)
<use logo1.png>
Package pdftex.def Info: logo1.png  used on input line 191.
(pdftex.def)             Requested size: 64.93152pt x 15.6491pt.

[6 <./Pregunta_iii_Random_Walk.png>]
<sim_b1.png, id=141, 1003.8303pt x 353.4003pt>
File: sim_b1.png Graphic file (type png)
<use sim_b1.png>
Package pdftex.def Info: sim_b1.png  used on input line 194.
(pdftex.def)             Requested size: 393.56029pt x 138.55353pt.
File: logo1.png Graphic file (type png)
<use logo1.png>
Package pdftex.def Info: logo1.png  used on input line 220.
(pdftex.def)             Requested size: 64.93152pt x 15.6491pt.
 [7 <./sim_b1.png>]
<grafico_1_Nivel_ACF_PACF_chile.png, id=149, 1293.633pt x 254.3904pt>
File: grafico_1_Nivel_ACF_PACF_chile.png Graphic file (type png)
<use grafico_1_Nivel_ACF_PACF_chile.png>
Package pdftex.def Info: grafico_1_Nivel_ACF_PACF_chile.png  used on input line
 231.
(pdftex.def)             Requested size: 432.91707pt x 85.12912pt.
<grafico_2_Log_ACF_PACF_chile.png, id=150, 1292.9103pt x 252.2223pt>
File: grafico_2_Log_ACF_PACF_chile.png Graphic file (type png)
<use grafico_2_Log_ACF_PACF_chile.png>
Package pdftex.def Info: grafico_2_Log_ACF_PACF_chile.png  used on input line 2
37.
(pdftex.def)             Requested size: 432.91707pt x 84.45361pt.
<grafico_3_Retornos_ACF_PACF_r1_chile.png, id=151, 1292.9103pt x 248.6088pt>
File: grafico_3_Retornos_ACF_PACF_r1_chile.png Graphic file (type png)
<use grafico_3_Retornos_ACF_PACF_r1_chile.png>
Package pdftex.def Info: grafico_3_Retornos_ACF_PACF_r1_chile.png  used on inpu
t line 243.
(pdftex.def)             Requested size: 432.91707pt x 83.24367pt.
File: logo1.png Graphic file (type png)
<use logo1.png>
Package pdftex.def Info: logo1.png  used on input line 267.
(pdftex.def)             Requested size: 64.93152pt x 15.6491pt.
 [8 <./grafico_1_Nivel_ACF_PACF_chile.png> <./grafico_2_Log_ACF_PACF_chile.png>
 <./grafico_3_Retornos_ACF_PACF_r1_chile.png>]
<hist_retornos.png, id=162, 841.34325pt x 368.577pt>
File: hist_retornos.png Graphic file (type png)
<use hist_retornos.png>
Package pdftex.def Info: hist_retornos.png  used on input line 272.
(pdftex.def)             Requested size: 383.71922pt x 168.1021pt.
File: logo1.png Graphic file (type png)
<use logo1.png>
Package pdftex.def Info: logo1.png  used on input line 305.
(pdftex.def)             Requested size: 64.93152pt x 15.6491pt.
 [9 <./hist_retornos.png>]
File: logo1.png Graphic file (type png)
<use logo1.png>
Package pdftex.def Info: logo1.png  used on input line 364.
(pdftex.def)             Requested size: 64.93152pt x 15.6491pt.
 [10]
File: logo1.png Graphic file (type png)
<use logo1.png>
Package pdftex.def Info: logo1.png  used on input line 429.
(pdftex.def)             Requested size: 64.93152pt x 15.6491pt.
 [11]
File: logo1.png Graphic file (type png)
<use logo1.png>
Package pdftex.def Info: logo1.png  used on input line 476.
(pdftex.def)             Requested size: 64.93152pt x 15.6491pt.
 [12]
File: logo1.png Graphic file (type png)
<use logo1.png>
Package pdftex.def Info: logo1.png  used on input line 476.
(pdftex.def)             Requested size: 64.93152pt x 15.6491pt.
 [13]
<grafico_1_GDP_ACF_PACF.png, id=198, 1300.86pt x 289.08pt>
File: grafico_1_GDP_ACF_PACF.png Graphic file (type png)
<use grafico_1_GDP_ACF_PACF.png>
Package pdftex.def Info: grafico_1_GDP_ACF_PACF.png  used on input line 485.
(pdftex.def)             Requested size: 442.75064pt x 98.38734pt.
<grafico_2_Direfencia_Log_ACF_PACF.png, id=199, 1300.86pt x 289.08pt>
File: grafico_2_Direfencia_Log_ACF_PACF.png Graphic file (type png)
<use grafico_2_Direfencia_Log_ACF_PACF.png>
Package pdftex.def Info: grafico_2_Direfencia_Log_ACF_PACF.png  used on input l
ine 493.
(pdftex.def)             Requested size: 442.75064pt x 98.38734pt.
File: logo1.png Graphic file (type png)
<use logo1.png>
Package pdftex.def Info: logo1.png  used on input line 528.
(pdftex.def)             Requested size: 64.93152pt x 15.6491pt.
 [14 <./grafico_1_GDP_ACF_PACF.png> <./grafico_2_Direfencia_Log_ACF_PACF.png>]
<grafico_4_Dicgnostico_de_Residuos.png, id=209, 867.24pt x 289.08pt>
File: grafico_4_Dicgnostico_de_Residuos.png Graphic file (type png)
<use grafico_4_Dicgnostico_de_Residuos.png>
Package pdftex.def Info: grafico_4_Dicgnostico_de_Residuos.png  used on input l
ine 555.
(pdftex.def)             Requested size: 344.36244pt x 114.78745pt.
File: logo1.png Graphic file (type png)
<use logo1.png>
Package pdftex.def Info: logo1.png  used on input line 572.
(pdftex.def)             Requested size: 64.93152pt x 15.6491pt.
 [15 <./grafico_4_Dicgnostico_de_Residuos.png>]
<gdp_ajuste_crecimiento.png, id=218, 714.7503pt x 354.123pt>
File: gdp_ajuste_crecimiento.png Graphic file (type png)
<use gdp_ajuste_crecimiento.png>
Package pdftex.def Info: gdp_ajuste_crecimiento.png  used on input line 577.
(pdftex.def)             Requested size: 364.04459pt x 180.36798pt.
<gdp_residuos_linea.png, id=219, 714.7503pt x 354.123pt>
File: gdp_residuos_linea.png Graphic file (type png)
<use gdp_residuos_linea.png>
Package pdftex.def Info: gdp_residuos_linea.png  used on input line 583.
(pdftex.def)             Requested size: 344.36244pt x 170.6201pt.
File: logo1.png Graphic file (type png)
<use logo1.png>
Package pdftex.def Info: logo1.png  used on input line 590.
(pdftex.def)             Requested size: 64.93152pt x 15.6491pt.
 [16 <./gdp_ajuste_crecimiento.png> <./gdp_residuos_linea.png>]
<gdp_log_obs_estimado.png, id=229, 714.7503pt x 354.123pt>
File: gdp_log_obs_estimado.png Graphic file (type png)
<use gdp_log_obs_estimado.png>
Package pdftex.def Info: gdp_log_obs_estimado.png  used on input line 593.
(pdftex.def)             Requested size: 344.36244pt x 170.6201pt.
File: logo1.png Graphic file (type png)
<use logo1.png>
Package pdftex.def Info: logo1.png  used on input line 603.
(pdftex.def)             Requested size: 64.93152pt x 15.6491pt.
 [17 <./gdp_log_obs_estimado.png>]
File: logo1.png Graphic file (type png)
<use logo1.png>
Package pdftex.def Info: logo1.png  used on input line 612.
(pdftex.def)             Requested size: 64.93152pt x 15.6491pt.
 [18]
(Informe_Final_V6.aux
LaTeX Info: Redefining \. on input line 11.
LaTeX Info: Redefining \% on input line 11.
)
 ***********
LaTeX2e <2023-11-01> patch level 1
L3 programming layer <2024-01-04>
 ***********
Package rerunfilecheck Info: File `Informe_Final_V6.out' has not changed.
(rerunfilecheck)             Checksum: F8EFD9F4750F840BC6C787F9B49A91BF;4092.
 ) 
Here is how much of TeX's memory you used:
 16542 strings out of 474486
 274397 string characters out of 5738091
 1951542 words of memory out of 5000000
 38408 multiletter control sequences out of 15000+600000
 618188 words of font info for 136 fonts, out of 8000000 for 9000
 1141 hyphenation exceptions out of 8191
 75i,15n,79p,1015b,512s stack positions out of 10000i,1000n,20000p,200000b,200000s
<C:/Users/roberto.sepulveda/AppData/Local/Programs/MiKTeX/fonts/type1/public/
lm/lmbx10.pfb><C:/Users/roberto.sepulveda/AppData/Local/Programs/MiKTeX/fonts/t
ype1/public/lm/lmbx12.pfb><C:/Users/roberto.sepulveda/AppData/Local/Programs/Mi
KTeX/fonts/type1/public/lm/lmmi10.pfb><C:/Users/roberto.sepulveda/AppData/Local
/Programs/MiKTeX/fonts/type1/public/lm/lmmi6.pfb><C:/Users/roberto.sepulveda/Ap
pData/Local/Programs/MiKTeX/fonts/type1/public/lm/lmmi8.pfb><C:/Users/roberto.s
epulveda/AppData/Local/Programs/MiKTeX/fonts/type1/public/lm/lmr10.pfb><C:/User
s/roberto.sepulveda/AppData/Local/Programs/MiKTeX/fonts/type1/public/lm/lmr12.p
fb><C:/Users/roberto.sepulveda/AppData/Local/Programs/MiKTeX/fonts/type1/public
/lm/lmr6.pfb><C:/Users/roberto.sepulveda/AppData/Local/Programs/MiKTeX/fonts/ty
pe1/public/lm/lmr8.pfb><C:/Users/roberto.sepulveda/AppData/Local/Programs/MiKTe
X/fonts/type1/public/lm/lmri10.pfb><C:/Users/roberto.sepulveda/AppData/Local/Pr
ograms/MiKTeX/fonts/type1/public/lm/lmsy8.pfb>
Output written on Informe_Final_V6.pdf (19 pages, 1309583 bytes).
PDF statistics:
 314 PDF objects out of 1000 (max. 8388607)
 73 named destinations out of 1000 (max. 500000)
 33009 words of extra memory for PDF output out of 35830 (max. 10000000)

